try {
	out.println("try");
}finally{
	out.println("finally");
}