for(var i = 0; i < 10000; i++){
   System.err.println(i);
}