var x = new String[3][4];

x[1][1]="x";

if(x[1].indexOf("x") != 1){
   throw "Not working";
}
System.err.println(x[1][1]);

var y = new String[4][6][7];

System.err.println(y.size());
System.err.println(y[0].size());
System.err.println(y[0][0].size());
