var n = 0;

while(n < 10) { // conditional loop
   n++;
}