class Key{
   var key;
   new(key){
      this.key = key;
   }
   equals(other){
      System.err.println("Key.equals");
      return key.equals(other.key);
   }
   hashCode(){
      System.err.println("Key.hashCode");
      return key.hashCode();
   }
   toString(){
      System.err.println("toString");
      return key.toString();
   }
}
var set = new HashSet();
var a = new Key("a");
var b = new Key("b");
var c = new Key("c");

System.err.println(a.toString());
System.err.println(b.toString());
set.add(a);
set.add(b);

System.err.println(set.contains(a));
System.err.println(set.contains(b));
System.err.println(set.contains(c));