
module Functions {

   function function(s: String[][]){
      return "String[][]";
   }
   
   function function(s: String[]){
      return "String[]";
   }
   
   function function(s: Float[][]){
      return "Float[][]";
   }
   
   function function(s: Float[]){
      return "Float[]";
   }
}

function testFunctionBinding() {
   var strings: String[][] = [['a','b'],[]];
   var multi : Integer[][] = [['1','2', 3.0d, 11L],[2]];
   var int: Integer[] =[2];
   
   assert Functions.function(int) == "Float[]";
   assert Functions.function(strings) == "String[][]";
   assert Functions.function(multi) == "Float[][]";
}