
class Foo{
   static get(){
      {'a': 'A', 'b': 'B'};
   }
}

function testImplicitReturn(){
   var map = Foo.get();
   assert map.a == 'A';
   assert map.b == 'B';
}
