new File(".")
   .findFiles(".*")
   .stream()
   .sorted()
   .forEach(file: File -> println(file));