function fib(n) {
	if (n<2) {
		return 1;
	}
	return fib(n-1) + fib(n-2);
}
var result = fib(100);
out.println("fib(100)="+result);