function print(x){
   System.err.println(x);
}
class X{
  f(){
       print("X.f");
   }
}
class Y extends X{
   f(){
      print("Y.f");
   }
   t(){
      super.f();
   }
}
var x = new X();
x.f();
var y = new Y();
y.f();
y.t();
