enum X{
   I(p(1,2));
   var x;
   new(y){   
      this.x=y;
   }
   static p(a,b){
      return "${a} ${b}";
   }
}
System.err.println(X.I);